src/controllers/chatController.ts(18,49): error TS2339: Property 'errors' does not exist on type 'ZodError<{ message: string; }>'.
